src/components/InstructorCourses.tsx(2,59): error TS6133: 'BarChart2' is declared but its value is never read.
src/components/InstructorDashboard.tsx(2,27): error TS6133: 'Clock' is declared but its value is never read.
src/components/InstructorInteractions.tsx(2,18): error TS6133: 'MessageCircle' is declared but its value is never read.
src/components/InstructorRevenue.tsx(2,10): error TS6133: 'DollarSign' is declared but its value is never read.
src/components/InstructorRevenue.tsx(2,34): error TS6133: 'CreditCard' is declared but its value is never read.
src/components/InstructorSettings.tsx(2,16): error TS6133: 'Bell' is declared but its value is never read.
src/components/InstructorSettings.tsx(2,22): error TS6133: 'Lock' is declared but its value is never read.
src/components/InstructorSettings.tsx(2,28): error TS6133: 'Globe' is declared but its value is never read.
src/components/InstructorSidebar.tsx(2,92): error TS6133: 'Layers' is declared but its value is never read.
src/components/InstructorSidebar.tsx(2,100): error TS6133: 'MessageCircle' is declared but its value is never read.
src/components/InstructorSidebar.tsx(2,115): error TS6133: 'ClipboardCheck' is declared but its value is never read.
src/components/InstructorSidebar.tsx(2,131): error TS6133: 'Calendar' is declared but its value is never read.
src/components/InstructorSidebar.tsx(2,141): error TS6133: 'Wallet' is declared but its value is never read.
src/components/InstructorStudents.tsx(5,12): error TS6133: 'selectedStudent' is declared but its value is never read.
